[nextgenerationdev.com/demos/html/atos/atos/index.html]
[backblue.gif]
[fade.gif]
[index.html]
[nextgenerationdev.com/demos/html/atos/atos/assets/img/favicon/favicon.png]
[nextgenerationdev.com/demos/html/atos/atos/assets/css/bootstrap.min.css]
[nextgenerationdev.com/demos/html/atos/atos/assets/css/bootstrap.css.map]
[nextgenerationdev.com/demos/html/atos/atos/assets/css/odometer.css]
[nextgenerationdev.com/demos/html/atos/atos/assets/css/owl.min.css]
[nextgenerationdev.com/demos/html/atos/atos/assets/css/owl.theme.default.min.css]
[nextgenerationdev.com/demos/html/atos/atos/assets/css/all.min.css]
[nextgenerationdev.com/demos/html/atos/atos/assets/css/animate.css]
[nextgenerationdev.com/demos/html/atos/atos/assets/css/nice-select.css]
[nextgenerationdev.com/demos/html/atos/atos/assets/css/magnific-popup.css]
[nextgenerationdev.com/demos/html/atos/atos/assets/css/main.css]
[nextgenerationdev.com/demos/html/atos/atos/index-2.html]
[nextgenerationdev.com/demos/html/atos/atos/assets/img/logo/logo2.png]
[nextgenerationdev.com/demos/html/atos/atos/home.html]
[nextgenerationdev.com/demos/html/atos/atos/sharp-home.html]
[nextgenerationdev.com/demos/html/atos/atos/about.html]
[nextgenerationdev.com/demos/html/atos/atos/pricing.html]
[nextgenerationdev.com/demos/html/atos/atos/resserler.html]
[nextgenerationdev.com/demos/html/atos/atos/vpshost.html]
[nextgenerationdev.com/demos/html/atos/atos/sharehost.html]
[nextgenerationdev.com/demos/html/atos/atos/cloudhost.html]
[nextgenerationdev.com/demos/html/atos/atos/services.html]
[nextgenerationdev.com/demos/html/atos/atos/blog.html]
[nextgenerationdev.com/demos/html/atos/atos/contact.html]
[nextgenerationdev.com/demos/html/atos/atos/assets/img/hosting/i2.png]
[nextgenerationdev.com/demos/html/atos/atos/assets/img/hosting/i1.png]
[nextgenerationdev.com/demos/html/atos/atos/assets/img/hosting/i3.png]
[nextgenerationdev.com/demos/html/atos/atos/assets/img/hosting/i6.png]
[nextgenerationdev.com/demos/html/atos/atos/assets/img/choose/hostings.png]
[nextgenerationdev.com/demos/html/atos/atos/assets/img/tab/tabhost1.jpg]
[nextgenerationdev.com/demos/html/atos/atos/assets/img/tab/tabhost3.png]
[nextgenerationdev.com/demos/html/atos/atos/assets/img/tab/tabhost2.png]
[nextgenerationdev.com/demos/html/atos/atos/assets/img/hosting/com.png]
[nextgenerationdev.com/demos/html/atos/atos/assets/img/hosting/net.png]
[nextgenerationdev.com/demos/html/atos/atos/assets/img/hosting/info.png]
[nextgenerationdev.com/demos/html/atos/atos/assets/img/hosting/org.png]
[nextgenerationdev.com/demos/html/atos/atos/assets/img/hosting/visa.png]
[nextgenerationdev.com/demos/html/atos/atos/assets/img/hosting/master-card.png]
[nextgenerationdev.com/demos/html/atos/atos/assets/img/hosting/jcb.png]
[nextgenerationdev.com/demos/html/atos/atos/assets/img/hosting/paypal.png]
[nextgenerationdev.com/demos/html/atos/atos/assets/img/testimonial/c1.jpg]
[nextgenerationdev.com/demos/html/atos/atos/assets/img/testimonial/c2.jpg]
[nextgenerationdev.com/demos/html/atos/atos/assets/img/testimonial/c3.jpg]
[nextgenerationdev.com/demos/html/atos/atos/assets/img/server/user.png]
[nextgenerationdev.com/demos/html/atos/atos/assets/img/faq/right.png]
[nextgenerationdev.com/demos/html/atos/atos/assets/img/sponsor/jcb.png]
[nextgenerationdev.com/demos/html/atos/atos/assets/img/sponsor/visa.png]
[nextgenerationdev.com/demos/html/atos/atos/assets/img/sponsor/paypal.png]
[nextgenerationdev.com/demos/html/atos/atos/assets/img/sponsor/master-card.png]
[nextgenerationdev.com/demos/html/atos/atos/assets/img/logo/logo-black.png]
[nextgenerationdev.com/demos/html/atos/atos/assets/img/footer/email.png]
[nextgenerationdev.com/demos/html/atos/atos/assets/img/footer/phone.png]
[nextgenerationdev.com/demos/html/atos/atos/assets/img/modal/flowers.png]
[nextgenerationdev.com/demos/html/atos/atos/assets/js/jquery-3.6.0.min.js]
[nextgenerationdev.com/demos/html/atos/atos/assets/js/jquery.waypoints.min.js]
[nextgenerationdev.com/demos/html/atos/atos/assets/js/bootstrap.bundle.js]
[nextgenerationdev.com/demos/html/atos/atos/assets/js/viewport.jquery.js]
[nextgenerationdev.com/demos/html/atos/atos/assets/js/wow.min.js]
[nextgenerationdev.com/demos/html/atos/atos/assets/js/odometer.min.js]
[nextgenerationdev.com/demos/html/atos/atos/assets/js/owl.min.js]
[nextgenerationdev.com/demos/html/atos/atos/assets/js/jquery.nice-select.min.js]
[nextgenerationdev.com/demos/html/atos/atos/assets/js/magnific-popup.js]
[nextgenerationdev.com/demos/html/atos/atos/assets/js/main.js]
[nextgenerationdev.com/demos/html/atos/atos/index.html]
[nextgenerationdev.com/demos/html/atos/atos/assets/css/bootstrap.min.css]
[nextgenerationdev.com/demos/html/atos/atos/assets/css/odometer.css]
[nextgenerationdev.com/demos/html/atos/atos/assets/css/owl.min.css]
[nextgenerationdev.com/demos/html/atos/atos/assets/css/owl.theme.default.min.css]
[nextgenerationdev.com/demos/html/atos/atos/assets/webfonts/fa-brands-400.woff2]
[nextgenerationdev.com/demos/html/atos/atos/assets/webfonts/fa-brands-400.ttf]
[nextgenerationdev.com/demos/html/atos/atos/assets/webfonts/fa-regular-400.woff2]
[nextgenerationdev.com/demos/html/atos/atos/assets/webfonts/fa-regular-400.ttf]
[nextgenerationdev.com/demos/html/atos/atos/assets/webfonts/fa-solid-900.woff2]
[nextgenerationdev.com/demos/html/atos/atos/assets/webfonts/fa-v4compatibility.woff2]
[nextgenerationdev.com/demos/html/atos/atos/assets/webfonts/fa-solid-900.ttf]
[nextgenerationdev.com/demos/html/atos/atos/assets/webfonts/fa-v4compatibility.ttf]
[nextgenerationdev.com/demos/html/atos/atos/assets/css/all.min.css]
[nextgenerationdev.com/demos/html/atos/atos/assets/css/animate.css]
[nextgenerationdev.com/demos/html/atos/atos/assets/css/nice-select.css]
[nextgenerationdev.com/demos/html/atos/atos/assets/css/magnific-popup.css]
[nextgenerationdev.com/demos/html/atos/atos/assets/img/banner/banner5.png]
[nextgenerationdev.com/demos/html/atos/atos/assets/img/banner/banner2.png]
[nextgenerationdev.com/demos/html/atos/atos/assets/img/banner/banner1.png]
[nextgenerationdev.com/demos/html/atos/atos/assets/img/banner/bread.png]
[nextgenerationdev.com/demos/html/atos/atos/assets/img/choose/choose-bg.png]
[nextgenerationdev.com/demos/html/atos/atos/assets/img/hosting/hosting-bg.jpg]
[nextgenerationdev.com/demos/html/atos/atos/assets/img/testimonial/user1.png]
[nextgenerationdev.com/demos/html/atos/atos/assets/img/faq/faq2.jpg]
[nextgenerationdev.com/demos/html/atos/atos/assets/img/complate/com-bg.jpg]
[nextgenerationdev.com/demos/html/atos/atos/assets/img/modal/cros.png]
[nextgenerationdev.com/demos/html/atos/atos/assets/css/main.css]
[nextgenerationdev.com/demos/html/atos/atos/index-2.html]
[nextgenerationdev.com/demos/html/atos/atos/assets/img/home/heros.png]
[nextgenerationdev.com/demos/html/atos/atos/assets/img/home/h-bottom.png]
[nextgenerationdev.com/demos/html/atos/atos/assets/img/home/feature/f4.png]
[nextgenerationdev.com/demos/html/atos/atos/assets/img/home/feature/f2.png]
[nextgenerationdev.com/demos/html/atos/atos/assets/img/home/feature/f1.png]
[nextgenerationdev.com/demos/html/atos/atos/assets/img/home/feature/circl.png]
[nextgenerationdev.com/demos/html/atos/atos/assets/img/home/feature/f6.png]
[nextgenerationdev.com/demos/html/atos/atos/assets/img/home/h-bottom2.png]
[nextgenerationdev.com/demos/html/atos/atos/assets/img/home/pricing/plan1.png]
[nextgenerationdev.com/demos/html/atos/atos/assets/img/home/pricing/plan2.png]
[nextgenerationdev.com/demos/html/atos/atos/assets/img/home/pricing/plan3.png]
[nextgenerationdev.com/demos/html/atos/atos/assets/img/home/pricing/plan4.png]
[nextgenerationdev.com/demos/html/atos/atos/assets/img/home/product/reseller.png]
[nextgenerationdev.com/demos/html/atos/atos/assets/img/home/product/vps.png]
[nextgenerationdev.com/demos/html/atos/atos/assets/img/home/product/wp.png]
[nextgenerationdev.com/demos/html/atos/atos/assets/img/home/product/ssl.png]
[nextgenerationdev.com/demos/html/atos/atos/assets/img/home/product/atos.png]
[nextgenerationdev.com/demos/html/atos/atos/assets/img/home/product/dedicated.png]
[nextgenerationdev.com/demos/html/atos/atos/assets/img/home/product/email.png]
[nextgenerationdev.com/demos/html/atos/atos/assets/img/home/product/web.png]
[nextgenerationdev.com/demos/html/atos/atos/assets/img/testimonial/c6.png]
[nextgenerationdev.com/demos/html/atos/atos/assets/img/testimonial/c5.png]
[nextgenerationdev.com/demos/html/atos/atos/assets/img/testimonial/c4.png]
[nextgenerationdev.com/demos/html/atos/atos/home.html]
[nextgenerationdev.com/demos/html/atos/atos/assets/img/sharp-home/circles.png]
[nextgenerationdev.com/demos/html/atos/atos/assets/img/sharp-home/shape.png]
[nextgenerationdev.com/demos/html/atos/atos/assets/img/sharp-home/feature/secure.png]
[nextgenerationdev.com/demos/html/atos/atos/assets/img/sharp-home/feature/space.png]
[nextgenerationdev.com/demos/html/atos/atos/assets/img/sharp-home/feature/fast.png]
[nextgenerationdev.com/demos/html/atos/atos/assets/img/sharp-home/feature/support.png]
[nextgenerationdev.com/demos/html/atos/atos/assets/img/sharp-home/consulting/consul.png]
[nextgenerationdev.com/demos/html/atos/atos/assets/img/sharp-home/consulting/google.png]
[nextgenerationdev.com/demos/html/atos/atos/sharp-home.html]
[nextgenerationdev.com/demos/html/atos/atos/assets/img/about/ab.png]
[nextgenerationdev.com/demos/html/atos/atos/about.html]
[nextgenerationdev.com/demos/html/atos/atos/assets/img/hosting/pricing.png]
[nextgenerationdev.com/demos/html/atos/atos/assets/img/blog/bl1.png]
[nextgenerationdev.com/demos/html/atos/atos/assets/img/blog/bl2.png]
[nextgenerationdev.com/demos/html/atos/atos/assets/img/blog/bl3.png]
[nextgenerationdev.com/demos/html/atos/atos/pricing.html]
[nextgenerationdev.com/demos/html/atos/atos/assets/img/about/reserler.png]
[nextgenerationdev.com/demos/html/atos/atos/assets/img/about/standard.png]
[nextgenerationdev.com/demos/html/atos/atos/resserler.html]
[nextgenerationdev.com/demos/html/atos/atos/assets/img/about/vps.png]
[nextgenerationdev.com/demos/html/atos/atos/assets/img/hosting/vpsimg.png]
[nextgenerationdev.com/demos/html/atos/atos/assets/img/hosting/vpsfaq.png]
[nextgenerationdev.com/demos/html/atos/atos/vpshost.html]
[nextgenerationdev.com/demos/html/atos/atos/assets/img/about/share.png]
[nextgenerationdev.com/demos/html/atos/atos/sharehost.html]
[nextgenerationdev.com/demos/html/atos/atos/assets/img/hosting/clidhost.png]
[nextgenerationdev.com/demos/html/atos/atos/assets/img/hosting/atos-cloud.png]
[nextgenerationdev.com/demos/html/atos/atos/assets/img/hosting/cloud-secore.png]
[nextgenerationdev.com/demos/html/atos/atos/assets/img/hosting/success.png]
[nextgenerationdev.com/demos/html/atos/atos/assets/img/hosting/pure.png]
[nextgenerationdev.com/demos/html/atos/atos/cloudhost.html]
[nextgenerationdev.com/demos/html/atos/atos/services.html]
[nextgenerationdev.com/demos/html/atos/atos/blog.html]
[nextgenerationdev.com/demos/html/atos/atos/assets/img/hosting/contact.png]
[nextgenerationdev.com/demos/html/atos/atos/contact.html]
[nextgenerationdev.com/demos/html/atos/atos/assets/css/owl.video.play.html]
